procstat should return 1, but it does not.

